
R version 3.0.1 (2013-05-16) -- "Good Sport"
Copyright (C) 2013 The R Foundation for Statistical Computing
Platform: x86_64-pc-linux-gnu (64-bit)

R is free software and comes with ABSOLUTELY NO WARRANTY.
You are welcome to redistribute it under certain conditions.
Type 'license()' or 'licence()' for distribution details.

  Natural language support but running in an English locale

R is a collaborative project with many contributors.
Type 'contributors()' for more information and
'citation()' on how to cite R or R packages in publications.

Type 'demo()' for some demos, 'help()' for on-line help, or
'help.start()' for an HTML browser interface to help.
Type 'q()' to quit R.

[Previously saved workspace restored]

During startup - Warning messages:
1: Setting LC_TIME failed, using "C" 
2: Setting LC_PAPER failed, using "C" 
3: Setting LC_PAPER failed, using "C" 
4: Setting LC_MEASUREMENT failed, using "C" 
> # Simulation Scenario Skript
> 
> rm(list= ls())
> utils::install.packages(pkgs="spatioTemporalData_1.0.tar.gz", 
+                         repos = NULL)
Installing package into ‘/home/swarnholz/Netzfreigaben/Git_TEX/SAE/SAE/libLinux’
(as ‘lib’ is unspecified)
During startup - Warning messages:
1: Setting LC_TIME failed, using "C" 
2: Setting LC_PAPER failed, using "C" 
3: Setting LC_PAPER failed, using "C" 
4: Setting LC_MEASUREMENT failed, using "C" 
* installing *source* package ‘spatioTemporalData’ ...
** R
** inst
** preparing package for lazy loading
** help
*** installing help indices
** building package indices
** testing if installed package can be loaded
During startup - Warning messages:
1: Setting LC_TIME failed, using "C" 
2: Setting LC_PAPER failed, using "C" 
3: Setting LC_PAPER failed, using "C" 
4: Setting LC_MEASUREMENT failed, using "C" 
* DONE (spatioTemporalData)
> utils::install.packages(pkgs="SAE_0.1.tar.gz", 
+                         repos = NULL)
Installing package into ‘/home/swarnholz/Netzfreigaben/Git_TEX/SAE/SAE/libLinux’
(as ‘lib’ is unspecified)
During startup - Warning messages:
1: Setting LC_TIME failed, using "C" 
2: Setting LC_PAPER failed, using "C" 
3: Setting LC_PAPER failed, using "C" 
4: Setting LC_MEASUREMENT failed, using "C" 
* installing *source* package ‘SAE’ ...
** R
** inst
** byte-compile and prepare package for lazy loading
** help
*** installing help indices
** building package indices
** testing if installed package can be loaded
During startup - Warning messages:
1: Setting LC_TIME failed, using "C" 
2: Setting LC_PAPER failed, using "C" 
3: Setting LC_PAPER failed, using "C" 
4: Setting LC_MEASUREMENT failed, using "C" 
* DONE (SAE)
> 
> setTrueY <- function(simSetup) {
+   # funciton-definition
+   trueY <- function(dat, sigmaE) {
+     dat$trueY <- dat$y - sigmaE 
+     dat
+   }
+   
+   #
+   sigmaE <- as.data.frame(slot(simSetup, "sigma"))
+   dat <- slot(simSetup, "data")
+   dataList <- mapply("trueY", dat, sigmaE, SIMPLIFY = FALSE)
+   slot(simSetup, "data") <- dataList
+   simSetup
+ }
> 
> "+.simSetup" <- function(x, y) {
+   datListX <- slot(x, "data")
+   datListY <- slot(y, "data")
+   
+   datList <- mapply(function(dat1, dat2) data.frame(dat1, dat2$yHat),
+                     datListX, datListY, SIMPLIFY = FALSE)
+   
+   slot(x, "data") <- datList
+   x
+ }
> 
> require(spatioTemporalData)
Loading required package: spatioTemporalData
Loading required package: MASS
Loading required package: Matrix
Loading required package: lattice
Loading required package: parallel
> require(SAE)
Loading required package: SAE
Loading required package: testthat
> set.seed(3)
> setup <- simSetupMarhuenda(nDomains=100, nTime=20, sarCorr=0.5, arCorr=0.5, n = 200)
> output <- simRunMarhuenda(setup)[[1]]
> output <- setTrueY(output)
> 
> fitFunction <- c("fitSTEBLUP", "fitSTREBLUP")
> 
> simResults <- getSimResults(output, fitFunction)

Warning message:
In selectChildren(jobs, 0.5) : error 'Interrupted system call' in select
Execution halted
